---
source: cli/../tests/ui_snapshots.rs
expression: terminal.backend().to_string()
---







          ╭ Select Model ────────────────────────╮
          │                                      │
          │▸ 1 Claude Opus                       │
          │  2 GPT-5.1                           │
          │                                      │
          ╰──────────────────────────────────────╯
