---
source: tests/ui_snapshots.rs
expression: terminal.backend().to_string()
---
╭ INSERT ──────────────────────────────────────────────────╮
│Hello, how can you help me today?                         │
│                                                          │
│                                                          │
╰──────────────────────────────────────────────────────────╯
